// Jest Snapshot v1, https://goo.gl/fbAQLP

exports[`App Component should with correct styles 1`] = `
.emotion-0 {
  display: table;
  height: 100%;
  margin: 0 auto;
  text-align: center;
  width: 100%;
}

.emotion-0 .press-something {
  display: table-cell;
  font-size: 50px;
  line-height: 55px;
  vertical-align: middle;
}

<App>
  <div
    className="emotion-0"
    onBlur={[Function]}
    onKeyDown={[Function]}
    tabIndex="0"
  >
    <span
      className="press-something"
    >
      Press something in your keyboard
    </span>
  </div>
</App>
`;
