// Jest Snapshot v1, https://goo.gl/fbAQLP

exports[`KeyCode Component should with correct styles 1`] = `
.emotion-0 {
  display: table-cell;
  vertical-align: middle;
}

.emotion-0 .key-code-code {
  display: block;
  font-size: 300px;
  line-height: 320px;
  padding-bottom: 40px;
}

.emotion-0 .key-code-text {
  background: #eff0f2;
  border-radius: 4px;
  border-top: 1px solid rgba(255,255,255,0.8);
  box-shadow: inset 0 0 25px #e8e8e8,0 1px 0 #c3c3c3,0 2px 0 #c9c9c9, 0 2px 3px #333;
  color: #aaa;
  cursor: pointer;
  display: inline-block;
  font: 38px/40px 'Helvetica Neue';
  font-weight: bold;
  margin: 0;
  padding: 15px 30px;
  position: relative;
  text-align: center;
  -webkit-text-decoration: none;
  text-decoration: none;
  text-shadow: 0 1px 0 rgba(255,255,255,0.8);
}

<KeyCode
  handleClick={[Function]}
  keyCode={null}
  keyText=""
>
  <div
    className="emotion-0"
  >
    <span
      className="key-code-code"
    />
    <span
      className="key-code-text"
      onClick={[Function]}
    >
      What key code is that?
    </span>
  </div>
</KeyCode>
`;
