// Jest Snapshot v1, https://goo.gl/fbAQLP

exports[`components - MobilePop mounts 1`] = `
.emotion-0 {
  display: table;
  height: 100%;
  margin: 0 auto;
  text-align: center;
  width: 100%;
}

.emotion-0 .hello-it-seems {
  display: table-cell;
  font-size: 36px;
  line-height: 40px;
  padding: 0 20px;
  vertical-align: middle;
}

<div
  aria-label="mobile-pop"
  class="emotion-0"
>
  <span
    class="hello-it-seems"
  >
    Hello! 
    <br />
    It seems like you are browsing this webpage without a keyboard or a mouse.
     
    <br />
    Better luck next time!
  </span>
</div>
`;
